******************************************************************************
                  TI ARM Linker Unix v20.2.5                   
******************************************************************************
>> Linked Thu Feb 24 15:09:54 2022

OUTPUT FILE NAME:   <Lab_2.out>
ENTRY POINT SYMBOL: "_c_int00_noargs"  address: 000005c5


MEMORY CONFIGURATION

         name            origin    length      used     unused   attr    fill
----------------------  --------  ---------  --------  --------  ----  --------
  FLASH                 00000000   00040000  00000632  0003f9ce  R  X
  SRAM                  20000000   00008000  00000204  00007dfc  RW X


SEGMENT ALLOCATION MAP

run origin  load origin   length   init length attrs members
----------  ----------- ---------- ----------- ----- -------
00000000    00000000    00000638   00000638    r-x
  00000000    00000000    0000026c   0000026c    r-- .intvecs
  0000026c    0000026c    000003ae   000003ae    r-x .text
  00000620    00000620    00000018   00000018    r-- .cinit
20000000    20000000    00000204   00000000    rw-
  20000000    20000000    00000200   00000000    rw- .stack
  20000200    20000200    00000004   00000000    rw- .data


SECTION ALLOCATION MAP

 output                                  attributes/
section   page    origin      length       input sections
--------  ----  ----------  ----------   ----------------
.intvecs   0    00000000    0000026c     
                  00000000    0000026c     tm4c123gh6pm_startup_ccs.obj (.intvecs)

.text      0    0000026c    000003ae     
                  0000026c    00000194     main.obj (.text)
                  00000400    0000009c     rtsv7M4_T_le_v4SPD16_eabi.lib : memcpy_t2.asm.obj (.text)
                  0000049c    0000007c     systick.obj (.text)
                  00000518    00000068     rtsv7M4_T_le_v4SPD16_eabi.lib : copy_decompress_lzss.c.obj (.text:decompress:lzss:__TI_decompress_lzss)
                  00000580    00000044                                   : autoinit.c.obj (.text:__TI_auto_init_nobinit_nopinit:__TI_auto_init_nobinit_nopinit)
                  000005c4    00000034                                   : boot_cortex_m.c.obj (.text:_c_int00_noargs:_c_int00_noargs)
                  000005f8    0000000e                                   : copy_decompress_none.c.obj (.text:decompress:none:__TI_decompress_none)
                  00000606    0000000c     tm4c123gh6pm_startup_ccs.obj (.text)
                  00000612    00000004     rtsv7M4_T_le_v4SPD16_eabi.lib : pre_init.c.obj (.text:_system_pre_init)
                  00000616    00000004                                   : exit.c.obj (.text:abort:abort)

.cinit     0    00000620    00000018     
                  00000620    00000008     (__TI_handler_table)
                  00000628    00000007     (.cinit..data.load) [load image, compression = lzss]
                  0000062f    00000001     --HOLE-- [fill = 0]
                  00000630    00000008     (__TI_cinit_table)

.init_array 
*          0    00000000    00000000     UNINITIALIZED

.data      0    20000200    00000004     UNINITIALIZED
                  20000200    00000004     systick.obj (.data)

.stack     0    20000000    00000200     UNINITIALIZED
                  20000000    00000004     rtsv7M4_T_le_v4SPD16_eabi.lib : boot_cortex_m.c.obj (.stack)
                  20000004    000001fc     --HOLE--

__llvm_prf_cnts 
*          0    20000000    00000000     UNINITIALIZED

MODULE SUMMARY

       Module                         code   ro data   rw data
       ------                         ----   -------   -------
    ./
       tm4c123gh6pm_startup_ccs.obj   12     620       0      
       main.obj                       404    0         0      
       systick.obj                    124    0         4      
    +--+------------------------------+------+---------+---------+
       Total:                         540    620       4      
                                                              
    /home/rokas/ti/ccs1110/ccs/tools/compiler/ti-cgt-arm_20.2.5.LTS/lib/rtsv7M4_T_le_v4SPD16_eabi.lib
       memcpy_t2.asm.obj              156    0         0      
       copy_decompress_lzss.c.obj     104    0         0      
       autoinit.c.obj                 68     0         0      
       boot_cortex_m.c.obj            52     0         0      
       copy_decompress_none.c.obj     14     0         0      
       exit.c.obj                     4      0         0      
       pre_init.c.obj                 4      0         0      
    +--+------------------------------+------+---------+---------+
       Total:                         402    0         0      
                                                              
       Stack:                         0      0         512    
       Linker Generated:              0      23        0      
    +--+------------------------------+------+---------+---------+
       Grand Total:                   942    643       516    


LINKER GENERATED COPY TABLES

__TI_cinit_table @ 00000630 records: 1, size/record: 8, table size: 8
	.data: load addr=00000628, load size=00000007 bytes, run addr=20000200, run size=00000004 bytes, compression=lzss


LINKER GENERATED HANDLER TABLE

__TI_handler_table @ 00000620 records: 2, size/record: 4, table size: 8
	index: 0, handler: __TI_decompress_lzss
	index: 1, handler: __TI_decompress_none


GLOBAL SYMBOLS: SORTED ALPHABETICALLY BY Name 

address   name                          
-------   ----                          
00000617  C$$EXIT                       
00000607  ResetISR                      
20000200  __STACK_END                   
00000200  __STACK_SIZE                  
20000200  __STACK_TOP                   
00000630  __TI_CINIT_Base               
00000638  __TI_CINIT_Limit              
00000620  __TI_Handler_Table_Base       
00000628  __TI_Handler_Table_Limit      
00000581  __TI_auto_init_nobinit_nopinit
00000519  __TI_decompress_lzss          
000005f9  __TI_decompress_none          
ffffffff  __TI_pprof_out_hndl           
ffffffff  __TI_prof_data_size           
ffffffff  __TI_prof_data_start          
00000000  __TI_static_base__            
00000401  __aeabi_memcpy                
00000401  __aeabi_memcpy4               
00000401  __aeabi_memcpy8               
ffffffff  __binit__                     
ffffffff  __c_args__                    
UNDEFED   __mpu_init                    
20000000  __stack                       
20000000  __start___llvm_prf_cnts       
20000000  __stop___llvm_prf_cnts        
000005c5  _c_int00_noargs               
UNDEFED   _system_post_cinit            
00000613  _system_pre_init              
00000617  abort                         
ffffffff  binit                         
00000000  g_pfnVectors                  
000004a7  init_systick                  
0000026d  main                          
00000401  memcpy                        
000003a7  recycle                       
0000049d  systick_handler               
20000200  ticks                         


GLOBAL SYMBOLS: SORTED BY Symbol Address 

address   name                          
-------   ----                          
00000000  __TI_static_base__            
00000000  g_pfnVectors                  
00000200  __STACK_SIZE                  
0000026d  main                          
000003a7  recycle                       
00000401  __aeabi_memcpy                
00000401  __aeabi_memcpy4               
00000401  __aeabi_memcpy8               
00000401  memcpy                        
0000049d  systick_handler               
000004a7  init_systick                  
00000519  __TI_decompress_lzss          
00000581  __TI_auto_init_nobinit_nopinit
000005c5  _c_int00_noargs               
000005f9  __TI_decompress_none          
00000607  ResetISR                      
00000613  _system_pre_init              
00000617  C$$EXIT                       
00000617  abort                         
00000620  __TI_Handler_Table_Base       
00000628  __TI_Handler_Table_Limit      
00000630  __TI_CINIT_Base               
00000638  __TI_CINIT_Limit              
20000000  __stack                       
20000000  __start___llvm_prf_cnts       
20000000  __stop___llvm_prf_cnts        
20000200  __STACK_END                   
20000200  __STACK_TOP                   
20000200  ticks                         
ffffffff  __TI_pprof_out_hndl           
ffffffff  __TI_prof_data_size           
ffffffff  __TI_prof_data_start          
ffffffff  __binit__                     
ffffffff  __c_args__                    
ffffffff  binit                         
UNDEFED   __mpu_init                    
UNDEFED   _system_post_cinit            

[37 symbols]
