******************************************************************************
                  TI ARM Linker Unix v20.2.5                   
******************************************************************************
>> Linked Fri Mar  4 16:01:40 2022

OUTPUT FILE NAME:   <Lab_3.out>
ENTRY POINT SYMBOL: "_c_int00_noargs"  address: 00000585


MEMORY CONFIGURATION

         name            origin    length      used     unused   attr    fill
----------------------  --------  ---------  --------  --------  ----  --------
  FLASH                 00000000   00040000  000005f2  0003fa0e  R  X
  SRAM                  20000000   00008000  00000203  00007dfd  RW X


SEGMENT ALLOCATION MAP

run origin  load origin   length   init length attrs members
----------  ----------- ---------- ----------- ----- -------
00000000    00000000    000005f8   000005f8    r-x
  00000000    00000000    0000026c   0000026c    r-- .intvecs
  0000026c    0000026c    0000036e   0000036e    r-x .text
  000005e0    000005e0    00000018   00000018    r-- .cinit
20000000    20000000    00000203   00000000    rw-
  20000000    20000000    00000200   00000000    rw- .stack
  20000200    20000200    00000003   00000000    rw- .data


SECTION ALLOCATION MAP

 output                                  attributes/
section   page    origin      length       input sections
--------  ----  ----------  ----------   ----------------
.intvecs   0    00000000    0000026c     
                  00000000    0000026c     tm4c123gh6pm_startup_ccs.obj (.intvecs)

.text      0    0000026c    0000036e     
                  0000026c    0000009c     button.obj (.text)
                  00000308    0000009c     rtsv7M4_T_le_v4SPD16_eabi.lib : memcpy_t2.asm.obj (.text)
                  000003a4    00000088     event_manager.obj (.text)
                  0000042c    00000068     rtsv7M4_T_le_v4SPD16_eabi.lib : copy_decompress_lzss.c.obj (.text:decompress:lzss:__TI_decompress_lzss)
                  00000494    00000068     main.obj (.text)
                  000004fc    00000044     rtsv7M4_T_le_v4SPD16_eabi.lib : autoinit.c.obj (.text:__TI_auto_init_nobinit_nopinit:__TI_auto_init_nobinit_nopinit)
                  00000540    00000044     led.obj (.text)
                  00000584    00000034     rtsv7M4_T_le_v4SPD16_eabi.lib : boot_cortex_m.c.obj (.text:_c_int00_noargs:_c_int00_noargs)
                  000005b8    0000000e                                   : copy_decompress_none.c.obj (.text:decompress:none:__TI_decompress_none)
                  000005c6    0000000c     tm4c123gh6pm_startup_ccs.obj (.text)
                  000005d2    00000004     rtsv7M4_T_le_v4SPD16_eabi.lib : pre_init.c.obj (.text:_system_pre_init)
                  000005d6    00000004                                   : exit.c.obj (.text:abort:abort)

.cinit     0    000005e0    00000018     
                  000005e0    00000008     (__TI_handler_table)
                  000005e8    00000007     (.cinit..data.load) [load image, compression = lzss]
                  000005ef    00000001     --HOLE-- [fill = 0]
                  000005f0    00000008     (__TI_cinit_table)

.init_array 
*          0    00000000    00000000     UNINITIALIZED

.data      0    20000200    00000003     UNINITIALIZED
                  20000200    00000002     button.obj (.data)
                  20000202    00000001     event_manager.obj (.data)

.stack     0    20000000    00000200     UNINITIALIZED
                  20000000    00000004     rtsv7M4_T_le_v4SPD16_eabi.lib : boot_cortex_m.c.obj (.stack)
                  20000004    000001fc     --HOLE--

__llvm_prf_cnts 
*          0    20000000    00000000     UNINITIALIZED

MODULE SUMMARY

       Module                         code   ro data   rw data
       ------                         ----   -------   -------
    ./
       tm4c123gh6pm_startup_ccs.obj   12     620       0      
       button.obj                     156    0         2      
       event_manager.obj              136    0         1      
       main.obj                       104    0         0      
       led.obj                        68     0         0      
    +--+------------------------------+------+---------+---------+
       Total:                         476    620       3      
                                                              
    /home/rokas/ti/ccs1110/ccs/tools/compiler/ti-cgt-arm_20.2.5.LTS/lib/rtsv7M4_T_le_v4SPD16_eabi.lib
       memcpy_t2.asm.obj              156    0         0      
       copy_decompress_lzss.c.obj     104    0         0      
       autoinit.c.obj                 68     0         0      
       boot_cortex_m.c.obj            52     0         0      
       copy_decompress_none.c.obj     14     0         0      
       exit.c.obj                     4      0         0      
       pre_init.c.obj                 4      0         0      
    +--+------------------------------+------+---------+---------+
       Total:                         402    0         0      
                                                              
       Stack:                         0      0         512    
       Linker Generated:              0      23        0      
    +--+------------------------------+------+---------+---------+
       Grand Total:                   878    643       515    


LINKER GENERATED COPY TABLES

__TI_cinit_table @ 000005f0 records: 1, size/record: 8, table size: 8
	.data: load addr=000005e8, load size=00000007 bytes, run addr=20000200, run size=00000003 bytes, compression=lzss


LINKER GENERATED HANDLER TABLE

__TI_handler_table @ 000005e0 records: 2, size/record: 4, table size: 8
	index: 0, handler: __TI_decompress_lzss
	index: 1, handler: __TI_decompress_none


GLOBAL SYMBOLS: SORTED ALPHABETICALLY BY Name 

address   name                          
-------   ----                          
000005d7  C$$EXIT                       
000005c7  ResetISR                      
20000200  __STACK_END                   
00000200  __STACK_SIZE                  
20000200  __STACK_TOP                   
000005f0  __TI_CINIT_Base               
000005f8  __TI_CINIT_Limit              
000005e0  __TI_Handler_Table_Base       
000005e8  __TI_Handler_Table_Limit      
000004fd  __TI_auto_init_nobinit_nopinit
0000042d  __TI_decompress_lzss          
000005b9  __TI_decompress_none          
ffffffff  __TI_pprof_out_hndl           
ffffffff  __TI_prof_data_size           
ffffffff  __TI_prof_data_start          
00000000  __TI_static_base__            
00000309  __aeabi_memcpy                
00000309  __aeabi_memcpy4               
00000309  __aeabi_memcpy8               
ffffffff  __binit__                     
ffffffff  __c_args__                    
UNDEFED   __mpu_init                    
20000000  __stack                       
20000000  __start___llvm_prf_cnts       
20000000  __stop___llvm_prf_cnts        
00000585  _c_int00_noargs               
UNDEFED   _system_post_cinit            
000005d3  _system_pre_init              
000005d7  abort                         
ffffffff  binit                         
000003a5  event_manager                 
00000000  g_pfnVectors                  
00000541  leds                          
00000495  main                          
00000309  memcpy                        
00000295  select_button                 
0000026d  sw1_pushed                    
00000281  sw2_pushed                    


GLOBAL SYMBOLS: SORTED BY Symbol Address 

address   name                          
-------   ----                          
00000000  __TI_static_base__            
00000000  g_pfnVectors                  
00000200  __STACK_SIZE                  
0000026d  sw1_pushed                    
00000281  sw2_pushed                    
00000295  select_button                 
00000309  __aeabi_memcpy                
00000309  __aeabi_memcpy4               
00000309  __aeabi_memcpy8               
00000309  memcpy                        
000003a5  event_manager                 
0000042d  __TI_decompress_lzss          
00000495  main                          
000004fd  __TI_auto_init_nobinit_nopinit
00000541  leds                          
00000585  _c_int00_noargs               
000005b9  __TI_decompress_none          
000005c7  ResetISR                      
000005d3  _system_pre_init              
000005d7  C$$EXIT                       
000005d7  abort                         
000005e0  __TI_Handler_Table_Base       
000005e8  __TI_Handler_Table_Limit      
000005f0  __TI_CINIT_Base               
000005f8  __TI_CINIT_Limit              
20000000  __stack                       
20000000  __start___llvm_prf_cnts       
20000000  __stop___llvm_prf_cnts        
20000200  __STACK_END                   
20000200  __STACK_TOP                   
ffffffff  __TI_pprof_out_hndl           
ffffffff  __TI_prof_data_size           
ffffffff  __TI_prof_data_start          
ffffffff  __binit__                     
ffffffff  __c_args__                    
ffffffff  binit                         
UNDEFED   __mpu_init                    
UNDEFED   _system_post_cinit            

[38 symbols]
