******************************************************************************
                  TI ARM Linker Unix v20.2.5                   
******************************************************************************
>> Linked Fri Mar  4 21:20:19 2022

OUTPUT FILE NAME:   <Asignment_3.out>
ENTRY POINT SYMBOL: "_c_int00_noargs"  address: 0000086d


MEMORY CONFIGURATION

         name            origin    length      used     unused   attr    fill
----------------------  --------  ---------  --------  --------  ----  --------
  FLASH                 00000000   00040000  0000090e  0003f6f2  R  X
  SRAM                  20000000   00008000  00000209  00007df7  RW X


SEGMENT ALLOCATION MAP

run origin  load origin   length   init length attrs members
----------  ----------- ---------- ----------- ----- -------
00000000    00000000    00000910   00000910    r-x
  00000000    00000000    0000026c   0000026c    r-- .intvecs
  0000026c    0000026c    00000672   00000672    r-x .text
  000008e0    000008e0    00000030   00000030    r-- .cinit
20000000    20000000    0000020a   00000000    rw-
  20000000    20000000    00000200   00000000    rw- .stack
  20000200    20000200    00000007   00000000    rw- .data
  20000208    20000208    00000002   00000000    rw- .bss


SECTION ALLOCATION MAP

 output                                  attributes/
section   page    origin      length       input sections
--------  ----  ----------  ----------   ----------------
.intvecs   0    00000000    0000026c     
                  00000000    0000026c     tm4c123gh6pm_startup_ccs.obj (.intvecs)

.text      0    0000026c    00000672     
                  0000026c    00000280     lcd.obj (.text)
                  000004ec    00000100     button.obj (.text)
                  000005ec    0000009c     rtsv7M4_T_le_v4SPD16_eabi.lib : memcpy_t2.asm.obj (.text)
                  00000688    0000007c     systick.obj (.text)
                  00000704    00000068     rtsv7M4_T_le_v4SPD16_eabi.lib : copy_decompress_lzss.c.obj (.text:decompress:lzss:__TI_decompress_lzss)
                  0000076c    00000060     gpio.obj (.text)
                  000007cc    0000005c     main.obj (.text)
                  00000828    00000044     rtsv7M4_T_le_v4SPD16_eabi.lib : autoinit.c.obj (.text:__TI_auto_init_nobinit_nopinit:__TI_auto_init_nobinit_nopinit)
                  0000086c    00000034                                   : boot_cortex_m.c.obj (.text:_c_int00_noargs:_c_int00_noargs)
                  000008a0    0000001c                                   : copy_zero_init.c.obj (.text:decompress:ZI:__TI_zero_init_nomemset:__TI_zero_init_nomemset)
                  000008bc    0000000e                                   : copy_decompress_none.c.obj (.text:decompress:none:__TI_decompress_none)
                  000008ca    0000000c     tm4c123gh6pm_startup_ccs.obj (.text)
                  000008d6    00000004     rtsv7M4_T_le_v4SPD16_eabi.lib : pre_init.c.obj (.text:_system_pre_init)
                  000008da    00000004                                   : exit.c.obj (.text:abort:abort)

.cinit     0    000008e0    00000030     
                  000008e0    0000000c     (__TI_handler_table)
                  000008ec    0000000a     (.cinit..data.load) [load image, compression = lzss]
                  000008f6    00000002     --HOLE-- [fill = 0]
                  000008f8    00000008     (.cinit..bss.load) [load image, compression = zero_init]
                  00000900    00000010     (__TI_cinit_table)

.init_array 
*          0    00000000    00000000     UNINITIALIZED

.data      0    20000200    00000007     UNINITIALIZED
                  20000200    00000004     lcd.obj (.data)
                  20000204    00000002     systick.obj (.data)
                  20000206    00000001     button.obj (.data)

.bss       0    20000208    00000002     UNINITIALIZED
                  20000208    00000002     button.obj (.bss)

.stack     0    20000000    00000200     UNINITIALIZED
                  20000000    00000004     rtsv7M4_T_le_v4SPD16_eabi.lib : boot_cortex_m.c.obj (.stack)
                  20000004    000001fc     --HOLE--

__llvm_prf_cnts 
*          0    20000000    00000000     UNINITIALIZED

MODULE SUMMARY

       Module                         code   ro data   rw data
       ------                         ----   -------   -------
    ./
       lcd.obj                        640    0         4      
       tm4c123gh6pm_startup_ccs.obj   12     620       0      
       button.obj                     256    0         3      
       systick.obj                    124    0         2      
       gpio.obj                       96     0         0      
       main.obj                       92     0         0      
    +--+------------------------------+------+---------+---------+
       Total:                         1220   620       9      
                                                              
    /home/rokas/ti/ccs1110/ccs/tools/compiler/ti-cgt-arm_20.2.5.LTS/lib/rtsv7M4_T_le_v4SPD16_eabi.lib
       memcpy_t2.asm.obj              156    0         0      
       copy_decompress_lzss.c.obj     104    0         0      
       autoinit.c.obj                 68     0         0      
       boot_cortex_m.c.obj            52     0         0      
       copy_zero_init.c.obj           28     0         0      
       copy_decompress_none.c.obj     14     0         0      
       exit.c.obj                     4      0         0      
       pre_init.c.obj                 4      0         0      
    +--+------------------------------+------+---------+---------+
       Total:                         430    0         0      
                                                              
       Stack:                         0      0         512    
       Linker Generated:              0      46        0      
    +--+------------------------------+------+---------+---------+
       Grand Total:                   1650   666       521    


LINKER GENERATED COPY TABLES

__TI_cinit_table @ 00000900 records: 2, size/record: 8, table size: 16
	.data: load addr=000008ec, load size=0000000a bytes, run addr=20000200, run size=00000007 bytes, compression=lzss
	.bss: load addr=000008f8, load size=00000008 bytes, run addr=20000208, run size=00000002 bytes, compression=zero_init


LINKER GENERATED HANDLER TABLE

__TI_handler_table @ 000008e0 records: 3, size/record: 4, table size: 12
	index: 0, handler: __TI_decompress_lzss
	index: 1, handler: __TI_decompress_none
	index: 2, handler: __TI_zero_init


GLOBAL SYMBOLS: SORTED ALPHABETICALLY BY Name 

address   name                          
-------   ----                          
000008db  C$$EXIT                       
000008cb  ResetISR                      
20000200  __STACK_END                   
00000200  __STACK_SIZE                  
20000200  __STACK_TOP                   
00000900  __TI_CINIT_Base               
00000910  __TI_CINIT_Limit              
000008e0  __TI_Handler_Table_Base       
000008ec  __TI_Handler_Table_Limit      
00000829  __TI_auto_init_nobinit_nopinit
00000705  __TI_decompress_lzss          
000008bd  __TI_decompress_none          
ffffffff  __TI_pprof_out_hndl           
ffffffff  __TI_prof_data_size           
ffffffff  __TI_prof_data_start          
00000000  __TI_static_base__            
000008a1  __TI_zero_init_nomemset       
000005ed  __aeabi_memcpy                
000005ed  __aeabi_memcpy4               
000005ed  __aeabi_memcpy8               
ffffffff  __binit__                     
ffffffff  __c_args__                    
UNDEFED   __mpu_init                    
20000000  __stack                       
20000000  __start___llvm_prf_cnts       
20000000  __stop___llvm_prf_cnts        
0000086d  _c_int00_noargs               
UNDEFED   _system_post_cinit            
000008d7  _system_pre_init              
000008db  abort                         
ffffffff  binit                         
000004ed  button_pushed                 
00000000  g_pfnVectors                  
0000076d  init_gpio                     
00000695  init_systick                  
0000026d  lcd                           
000007cd  main                          
000005ed  memcpy                        
00000501  select_button                 
00000689  systick_handler               
20000204  ticks                         


GLOBAL SYMBOLS: SORTED BY Symbol Address 

address   name                          
-------   ----                          
00000000  __TI_static_base__            
00000000  g_pfnVectors                  
00000200  __STACK_SIZE                  
0000026d  lcd                           
000004ed  button_pushed                 
00000501  select_button                 
000005ed  __aeabi_memcpy                
000005ed  __aeabi_memcpy4               
000005ed  __aeabi_memcpy8               
000005ed  memcpy                        
00000689  systick_handler               
00000695  init_systick                  
00000705  __TI_decompress_lzss          
0000076d  init_gpio                     
000007cd  main                          
00000829  __TI_auto_init_nobinit_nopinit
0000086d  _c_int00_noargs               
000008a1  __TI_zero_init_nomemset       
000008bd  __TI_decompress_none          
000008cb  ResetISR                      
000008d7  _system_pre_init              
000008db  C$$EXIT                       
000008db  abort                         
000008e0  __TI_Handler_Table_Base       
000008ec  __TI_Handler_Table_Limit      
00000900  __TI_CINIT_Base               
00000910  __TI_CINIT_Limit              
20000000  __stack                       
20000000  __start___llvm_prf_cnts       
20000000  __stop___llvm_prf_cnts        
20000200  __STACK_END                   
20000200  __STACK_TOP                   
20000204  ticks                         
ffffffff  __TI_pprof_out_hndl           
ffffffff  __TI_prof_data_size           
ffffffff  __TI_prof_data_start          
ffffffff  __binit__                     
ffffffff  __c_args__                    
ffffffff  binit                         
UNDEFED   __mpu_init                    
UNDEFED   _system_post_cinit            

[41 symbols]
