******************************************************************************
                  TI ARM Linker Unix v20.2.5                   
******************************************************************************
>> Linked Fri Mar  4 20:26:57 2022

OUTPUT FILE NAME:   <Assignment_2.out>
ENTRY POINT SYMBOL: "_c_int00_noargs"  address: 000007f5


MEMORY CONFIGURATION

         name            origin    length      used     unused   attr    fill
----------------------  --------  ---------  --------  --------  ----  --------
  FLASH                 00000000   00040000  00000896  0003f76a  R  X
  SRAM                  20000000   00008000  00000209  00007df7  RW X


SEGMENT ALLOCATION MAP

run origin  load origin   length   init length attrs members
----------  ----------- ---------- ----------- ----- -------
00000000    00000000    00000898   00000898    r-x
  00000000    00000000    0000026c   0000026c    r-- .intvecs
  0000026c    0000026c    000005fa   000005fa    r-x .text
  00000868    00000868    00000030   00000030    r-- .cinit
20000000    20000000    0000020a   00000000    rw-
  20000000    20000000    00000200   00000000    rw- .stack
  20000200    20000200    00000007   00000000    rw- .data
  20000208    20000208    00000002   00000000    rw- .bss


SECTION ALLOCATION MAP

 output                                  attributes/
section   page    origin      length       input sections
--------  ----  ----------  ----------   ----------------
.intvecs   0    00000000    0000026c     
                  00000000    0000026c     tm4c123gh6pm_startup_ccs.obj (.intvecs)

.text      0    0000026c    000005fa     
                  0000026c    00000174     event_manager.obj (.text)
                  000003e0    00000100     button.obj (.text)
                  000004e0    0000009c     leds.obj (.text)
                  0000057c    0000009c     rtsv7M4_T_le_v4SPD16_eabi.lib : memcpy_t2.asm.obj (.text)
                  00000618    0000007c     systick.obj (.text)
                  00000694    00000068     rtsv7M4_T_le_v4SPD16_eabi.lib : copy_decompress_lzss.c.obj (.text:decompress:lzss:__TI_decompress_lzss)
                  000006fc    00000068     main.obj (.text)
                  00000764    0000004c     gpio.obj (.text)
                  000007b0    00000044     rtsv7M4_T_le_v4SPD16_eabi.lib : autoinit.c.obj (.text:__TI_auto_init_nobinit_nopinit:__TI_auto_init_nobinit_nopinit)
                  000007f4    00000034                                   : boot_cortex_m.c.obj (.text:_c_int00_noargs:_c_int00_noargs)
                  00000828    0000001c                                   : copy_zero_init.c.obj (.text:decompress:ZI:__TI_zero_init_nomemset:__TI_zero_init_nomemset)
                  00000844    0000000e                                   : copy_decompress_none.c.obj (.text:decompress:none:__TI_decompress_none)
                  00000852    0000000c     tm4c123gh6pm_startup_ccs.obj (.text)
                  0000085e    00000004     rtsv7M4_T_le_v4SPD16_eabi.lib : pre_init.c.obj (.text:_system_pre_init)
                  00000862    00000004                                   : exit.c.obj (.text:abort:abort)

.cinit     0    00000868    00000030     
                  00000868    0000000c     (__TI_handler_table)
                  00000874    0000000a     (.cinit..data.load) [load image, compression = lzss]
                  0000087e    00000002     --HOLE-- [fill = 0]
                  00000880    00000008     (.cinit..bss.load) [load image, compression = zero_init]
                  00000888    00000010     (__TI_cinit_table)

.init_array 
*          0    00000000    00000000     UNINITIALIZED

.data      0    20000200    00000007     UNINITIALIZED
                  20000200    00000004     event_manager.obj (.data)
                  20000204    00000002     systick.obj (.data)
                  20000206    00000001     button.obj (.data)

.bss       0    20000208    00000002     UNINITIALIZED
                  20000208    00000002     button.obj (.bss)

.stack     0    20000000    00000200     UNINITIALIZED
                  20000000    00000004     rtsv7M4_T_le_v4SPD16_eabi.lib : boot_cortex_m.c.obj (.stack)
                  20000004    000001fc     --HOLE--

__llvm_prf_cnts 
*          0    20000000    00000000     UNINITIALIZED

MODULE SUMMARY

       Module                         code   ro data   rw data
       ------                         ----   -------   -------
    ./
       tm4c123gh6pm_startup_ccs.obj   12     620       0      
       event_manager.obj              372    0         4      
       button.obj                     256    0         3      
       leds.obj                       156    0         0      
       systick.obj                    124    0         2      
       main.obj                       104    0         0      
       gpio.obj                       76     0         0      
    +--+------------------------------+------+---------+---------+
       Total:                         1100   620       9      
                                                              
    /home/rokas/ti/ccs1110/ccs/tools/compiler/ti-cgt-arm_20.2.5.LTS/lib/rtsv7M4_T_le_v4SPD16_eabi.lib
       memcpy_t2.asm.obj              156    0         0      
       copy_decompress_lzss.c.obj     104    0         0      
       autoinit.c.obj                 68     0         0      
       boot_cortex_m.c.obj            52     0         0      
       copy_zero_init.c.obj           28     0         0      
       copy_decompress_none.c.obj     14     0         0      
       exit.c.obj                     4      0         0      
       pre_init.c.obj                 4      0         0      
    +--+------------------------------+------+---------+---------+
       Total:                         430    0         0      
                                                              
       Stack:                         0      0         512    
       Linker Generated:              0      46        0      
    +--+------------------------------+------+---------+---------+
       Grand Total:                   1530   666       521    


LINKER GENERATED COPY TABLES

__TI_cinit_table @ 00000888 records: 2, size/record: 8, table size: 16
	.data: load addr=00000874, load size=0000000a bytes, run addr=20000200, run size=00000007 bytes, compression=lzss
	.bss: load addr=00000880, load size=00000008 bytes, run addr=20000208, run size=00000002 bytes, compression=zero_init


LINKER GENERATED HANDLER TABLE

__TI_handler_table @ 00000868 records: 3, size/record: 4, table size: 12
	index: 0, handler: __TI_decompress_lzss
	index: 1, handler: __TI_decompress_none
	index: 2, handler: __TI_zero_init


GLOBAL SYMBOLS: SORTED ALPHABETICALLY BY Name 

address   name                          
-------   ----                          
00000863  C$$EXIT                       
00000853  ResetISR                      
20000200  __STACK_END                   
00000200  __STACK_SIZE                  
20000200  __STACK_TOP                   
00000888  __TI_CINIT_Base               
00000898  __TI_CINIT_Limit              
00000868  __TI_Handler_Table_Base       
00000874  __TI_Handler_Table_Limit      
000007b1  __TI_auto_init_nobinit_nopinit
00000695  __TI_decompress_lzss          
00000845  __TI_decompress_none          
ffffffff  __TI_pprof_out_hndl           
ffffffff  __TI_prof_data_size           
ffffffff  __TI_prof_data_start          
00000000  __TI_static_base__            
00000829  __TI_zero_init_nomemset       
0000057d  __aeabi_memcpy                
0000057d  __aeabi_memcpy4               
0000057d  __aeabi_memcpy8               
ffffffff  __binit__                     
ffffffff  __c_args__                    
UNDEFED   __mpu_init                    
20000000  __stack                       
20000000  __start___llvm_prf_cnts       
20000000  __stop___llvm_prf_cnts        
000007f5  _c_int00_noargs               
UNDEFED   _system_post_cinit            
0000085f  _system_pre_init              
00000863  abort                         
ffffffff  binit                         
000003e1  button_pushed                 
0000026d  event_manager                 
00000000  g_pfnVectors                  
00000765  init_gpio                     
00000625  init_systick                  
000004e1  leds                          
000006fd  main                          
0000057d  memcpy                        
000002f9  normal                        
0000037b  norwegian                     
000003f5  select_button                 
00000619  systick_handler               
20000204  ticks                         


GLOBAL SYMBOLS: SORTED BY Symbol Address 

address   name                          
-------   ----                          
00000000  __TI_static_base__            
00000000  g_pfnVectors                  
00000200  __STACK_SIZE                  
0000026d  event_manager                 
000002f9  normal                        
0000037b  norwegian                     
000003e1  button_pushed                 
000003f5  select_button                 
000004e1  leds                          
0000057d  __aeabi_memcpy                
0000057d  __aeabi_memcpy4               
0000057d  __aeabi_memcpy8               
0000057d  memcpy                        
00000619  systick_handler               
00000625  init_systick                  
00000695  __TI_decompress_lzss          
000006fd  main                          
00000765  init_gpio                     
000007b1  __TI_auto_init_nobinit_nopinit
000007f5  _c_int00_noargs               
00000829  __TI_zero_init_nomemset       
00000845  __TI_decompress_none          
00000853  ResetISR                      
0000085f  _system_pre_init              
00000863  C$$EXIT                       
00000863  abort                         
00000868  __TI_Handler_Table_Base       
00000874  __TI_Handler_Table_Limit      
00000888  __TI_CINIT_Base               
00000898  __TI_CINIT_Limit              
20000000  __stack                       
20000000  __start___llvm_prf_cnts       
20000000  __stop___llvm_prf_cnts        
20000200  __STACK_END                   
20000200  __STACK_TOP                   
20000204  ticks                         
ffffffff  __TI_pprof_out_hndl           
ffffffff  __TI_prof_data_size           
ffffffff  __TI_prof_data_start          
ffffffff  __binit__                     
ffffffff  __c_args__                    
ffffffff  binit                         
UNDEFED   __mpu_init                    
UNDEFED   _system_post_cinit            

[44 symbols]
